Archive member included to satisfy reference by file (symbol)

./build/open_esplibs_libmain.a(user_interface.o)
                              (--whole-archive)
./build/open_esplibs_libmain.a(ets_timer.o)
                              (--whole-archive)
./build/open_esplibs_libmain.a(spi_flash.o)
                              (--whole-archive)
./build/open_esplibs_libmain.a(os_cpu_a.o)
                              (--whole-archive)
./build/open_esplibs_libmain.a(uart.o)
                              (--whole-archive)
./build/open_esplibs_libmain.a(misc.o)
                              (--whole-archive)
./build/open_esplibs_libmain.a(timers.o)
                              (--whole-archive)
./build/open_esplibs_libmain.a(xtensa_context.o)
                              (--whole-archive)
./build/open_esplibs_libnet80211.a(ieee80211_hostap.o)
                              (--whole-archive)
./build/open_esplibs_libnet80211.a(wl_cnx.o)
                              (--whole-archive)
./build/open_esplibs_libnet80211.a(ieee80211_ets.o)
                              (--whole-archive)
./build/open_esplibs_libnet80211.a(ieee80211_input.o)
                              (--whole-archive)
./build/open_esplibs_libnet80211.a(ieee80211_sta.o)
                              (--whole-archive)
./build/open_esplibs_libphy.a(phy_chip_v6.o)
                              (--whole-archive)
./build/open_esplibs_libphy.a(phy.o)
                              (--whole-archive)
./build/open_esplibs_libphy.a(phy_sleep.o)
                              (--whole-archive)
./build/open_esplibs_libpp.a(pm.o)
                              (--whole-archive)
./build/open_esplibs_libpp.a(if_hwctrl.o)
                              (--whole-archive)
./build/open_esplibs_libpp.a(pp.o)
                              (--whole-archive)
./build/open_esplibs_libpp.a(esf_buf.o)
                              (--whole-archive)
./build/open_esplibs_libpp.a(lmac.o)
                              (--whole-archive)
./build/open_esplibs_libpp.a(wdev.o)
                              (--whole-archive)
./build/open_esplibs_libwpa.a(os_xtensa.o)
                              (--whole-archive)
./build/open_esplibs_libwpa.a(wpa_main.o)
                              (--whole-archive)
./build/freertos.a(tasks.o)   ./build/open_esplibs_libmain.a(os_cpu_a.o) (pxCurrentTCB)
./build/freertos.a(timers.o)  ./build/freertos.a(tasks.o) (xTimerCreateTimerTask)
./build/freertos.a(port.o)    ./build/freertos.a(tasks.o) (vAssertCalled)
./build/freertos.a(queue.o)   ./build/freertos.a(timers.o) (xQueueGenericCreate)
./build/freertos.a(list.o)    ./build/freertos.a(tasks.o) (vListInitialise)
./build/lwip.a(sys_arch.o)    ./build/open_esplibs_libmain.a(user_interface.o) (sys_lock_tcpip_core)
./build/lwip.a(esp_interface.o)
                              ./build/open_esplibs_libnet80211.a(ieee80211_input.o) (ethernetif_input)
./build/lwip.a(tcpip.o)       ./build/open_esplibs_libnet80211.a(ieee80211_hostap.o) (tcpip_input)
./build/lwip.a(mem.o)         ./build/lwip.a(tcpip.o) (mem_free)
./build/lwip.a(init.o)        ./build/lwip.a(tcpip.o) (lwip_init)
./build/lwip.a(memp.o)        ./build/lwip.a(init.o) (memp_init)
./build/lwip.a(tcp.o)         ./build/lwip.a(init.o) (tcp_init)
./build/lwip.a(timeouts.o)    ./build/lwip.a(init.o) (sys_timeouts_init)
./build/lwip.a(dns.o)         ./build/lwip.a(init.o) (dns_init)
./build/lwip.a(tcp_in.o)      ./build/lwip.a(tcp.o) (tcp_input_pcb)
./build/lwip.a(def.o)         ./build/lwip.a(esp_interface.o) (lwip_htons)
./build/lwip.a(netif.o)       ./build/lwip.a(init.o) (netif_init)
./build/lwip.a(pbuf.o)        ./build/open_esplibs_libnet80211.a(ieee80211_input.o) (pbuf_alloc_reference)
./build/lwip.a(udp.o)         ./build/lwip.a(init.o) (udp_init)
./build/lwip.a(tcp_out.o)     ./build/lwip.a(tcp.o) (tcp_split_unsent_seg)
./build/lwip.a(ip4_frag.o)    ./build/lwip.a(timeouts.o) (ip_reass_tmr)
./build/lwip.a(dhcp.o)        ./build/lwip.a(netif.o) (dhcp_network_changed)
./build/lwip.a(etharp.o)      ./build/lwip.a(netif.o) (etharp_cleanup_netif)
./build/lwip.a(ip4_addr.o)    ./build/lwip.a(tcp_in.o) (ip4_addr_isbroadcast_u32)
./build/lwip.a(igmp.o)        ./build/lwip.a(init.o) (igmp_init)
./build/lwip.a(ip4.o)         ./build/lwip.a(tcp.o) (ip4_route)
./build/lwip.a(icmp.o)        ./build/lwip.a(ip4.o) (icmp_input)
./build/lwip.a(ethernet.o)    ./build/lwip.a(etharp.o) (ethbroadcast)
./build/lwip.a(inet_chksum.o)
                              ./build/lwip.a(tcp_in.o) (ip_chksum_pseudo)
./build/lwip.a(ip.o)          ./build/lwip.a(tcp_in.o) (ip_data)
./build/core.a(esp_interrupts.o)
                              ./build/open_esplibs_libmain.a(ets_timer.o) (_xt_isr_attach)
./build/core.a(app_main.o)    ./build/open_esplibs_libmain.a(user_interface.o) (sdk_user_init_flag)
./build/core.a(sdk_compat.o)  ./build/open_esplibs_libnet80211.a(ieee80211_hostap.o) (zalloc)
./build/core.a(sysparam.o)    ./build/core.a(app_main.o) (sysparam_init)
[...]
Memory Configuration

Name             Origin             Length             Attributes
dport0_0_seg     0x000000003ff00000 0x0000000000000010
dram0_0_seg      0x000000003ffe8000 0x0000000000014000
iram1_0_seg      0x0000000040100000 0x0000000000008000
irom0_0_seg      0x0000000040202010 0x00000000000fdff0
*default*        0x0000000000000000 0xffffffffffffffff

Linker script and memory map

LOAD ./build/open_esplibs_libmain.a
LOAD ./build/open_esplibs_libnet80211.a
LOAD ./build/open_esplibs_libphy.a
LOAD ./build/open_esplibs_libpp.a
LOAD ./build/open_esplibs_libwpa.a
START GROUP
LOAD ./build/program.a
LOAD ./build/paho_mqtt_c.a
LOAD ./build/i2c.a
LOAD ./build/pca9685.a
LOAD ./build/freertos.a
LOAD ./build/lwip.a
LOAD ./build/core.a
LOAD ./build/open_esplibs.a
LOAD ./build/libgcc.a
LOAD ./build/libc.a
LOAD /home/ykhan/esp-open-rtos/esp-open-sdk/xtensa-lx106-elf/xtensa-lx106-elf/sysroot/usr/lib/libhal.a
LOAD ./build/sdklib/libmain.a
LOAD ./build/sdklib/libnet80211.a
LOAD ./build/sdklib/libphy.a
LOAD ./build/sdklib/libpp.a
LOAD ./build/sdklib/libwpa.a
END GROUP
                0x00000000401058d8                pvPortMalloc = malloc
                0x00000000401058f4                vPortFree = free
                0x0000000040105bf0                ets_printf = printf
                [!provide]                        PROVIDE (_memmap_vecbase_reset, 0x40000000)
                0x0000000000000110                _memmap_cacheattr_wb_base = 0x110
                0x0000000000000110                _memmap_cacheattr_wt_base = 0x110
                0x0000000000000220                _memmap_cacheattr_bp_base = 0x220
                0x00000000fffff00f                _memmap_cacheattr_unused_mask = 0xfffff00f
                0x000000002222211f                _memmap_cacheattr_wb_trapnull = 0x2222211f
                0x000000002222211f                _memmap_cacheattr_wba_trapnull = 0x2222211f
                0x000000002222211f                _memmap_cacheattr_wbna_trapnull = 0x2222211f
                0x000000002222211f                _memmap_cacheattr_wt_trapnull = 0x2222211f
                0x000000002222222f                _memmap_cacheattr_bp_trapnull = 0x2222222f
                0x00000000fffff11f                _memmap_cacheattr_wb_strict = 0xfffff11f
                0x00000000fffff11f                _memmap_cacheattr_wt_strict = 0xfffff11f
                0x00000000fffff22f                _memmap_cacheattr_bp_strict = 0xfffff22f
                0x0000000022222112                _memmap_cacheattr_wb_allvalid = 0x22222112
                0x0000000022222112                _memmap_cacheattr_wt_allvalid = 0x22222112
                0x0000000022222222                _memmap_cacheattr_bp_allvalid = 0x22222222
                [!provide]                        PROVIDE (_memmap_cacheattr_reset, _memmap_cacheattr_wb_trapnull)

.dport0.rodata  0x000000003ff00000        0x0
                0x000000003ff00000                _dport0_rodata_start = ABSOLUTE (.)
 *(.dport0.rodata)
 *(.dport.rodata)
                0x000000003ff00000                _dport0_rodata_end = ABSOLUTE (.)

.dport0.literal
                0x000000003ff00000        0x0
                0x000000003ff00000                _dport0_literal_start = ABSOLUTE (.)
 *(.dport0.literal)
 *(.dport.literal)
                0x000000003ff00000                _dport0_literal_end = ABSOLUTE (.)

.dport0.data    0x000000003ff00000        0x0
                0x000000003ff00000                _dport0_data_start = ABSOLUTE (.)
 *(.dport0.data)
 *(.dport.data)
                0x000000003ff00000                _dport0_data_end = ABSOLUTE (.)

.text           0x0000000040100000     0x6aa6
                0x0000000040100000                _stext = .
                0x0000000040100000                _text_start = ABSOLUTE (.)
                0x0000000040100000                . = ALIGN (0x10)
 *(.vecbase.text)
 .vecbase.text  0x0000000040100000      0x3b2 ./build/core.a(exception_vectors.o)
                0x0000000040100000                VecBase
                0x000000004010023c                call_user_start
                0x000000004010039e                _xt_user_exit
 *(.entry.text)
 *(.init.literal)
 *(.init)
 *(.iram1.*)
 *fill*         0x00000000401003b2        0x2 
 .iram1.text    0x00000000401003b4      0x1d9 ./build/open_esplibs_libmain.a(user_interface.o)
                                        0x1e8 (size before relaxing)
                0x00000000401003b8                sdk_system_rtc_mem_write
                0x000000004010041c                sdk_system_rtc_mem_read
                0x000000004010049c                sdk_system_restart_in_nmi
 *fill*         0x000000004010058d        0x3 
 .iram1.text    0x0000000040100590       0x4b ./build/open_esplibs_libmain.a(ets_timer.o)
                                         0x4f (size before relaxing)
 *fill*         0x00000000401005db        0x1 
 .iram1.text    0x00000000401005dc      0x39c ./build/open_esplibs_libmain.a(spi_flash.o)
                                        0x478 (size before relaxing)
                0x0000000040100600                sdk_SPIReadModeCnfig
                0x0000000040100680                sdk_SPIWrite
                0x0000000040100740                sdk_SPIRead
                0x0000000040100770                sdk_SPIEraseSector
                0x00000000401007c8                sdk_spi_flash_get_id
                0x0000000040100824                sdk_spi_flash_read_status
                0x0000000040100864                sdk_spi_flash_write_status
                0x00000000401008a0                sdk_spi_flash_erase_sector
                0x00000000401008d4                sdk_spi_flash_write
                0x0000000040100924                sdk_spi_flash_read
 .iram1.text    0x0000000040100978      0x129 ./build/open_esplibs_libmain.a(os_cpu_a.o)
                                        0x175 (size before relaxing)
                0x0000000040100978                vPortYield
                0x00000000401009b0                sdk__xt_int_enter
                0x00000000401009c8                sdk__xt_int_exit
                0x00000000401009f8                sdk__xt_timer_int
                0x0000000040100a34                sdk__xt_timer_int1
                0x0000000040100a48                sdk__xt_tick_timer_init
                0x0000000040100a74                sdk__xt_isr_unmask
                0x0000000040100a84                sdk__xt_isr_mask
                0x0000000040100a94                sdk__xt_read_ints
                0x0000000040100a9c                sdk__xt_clear_ints
 *fill*         0x0000000040100aa1        0x3 
 .iram1.text    0x0000000040100aa4        0xb ./build/open_esplibs_libmain.a(misc.o)
                0x0000000040100aa8                sdk_os_get_cpu_frequency
 *fill*         0x0000000040100aaf        0x1 
 .iram1.text    0x0000000040100ab0      0x1c2 ./build/open_esplibs_libnet80211.a(ieee80211_hostap.o)
                                        0x1d6 (size before relaxing)
 *fill*         0x0000000040100c72        0x2 
 .iram1.text    0x0000000040100c74       0x59 ./build/open_esplibs_libnet80211.a(ieee80211_input.o)
                0x0000000040100c80                sdk_ieee80211_deliver_data
 *fill*         0x0000000040100ccd        0x3 
 .iram1.text    0x0000000040100cd0       0x5c ./build/open_esplibs_libwpa.a(os_xtensa.o)
                                         0x68 (size before relaxing)
                0x0000000040100cd0                sdk_os_get_time
                0x0000000040100cd4                sdk_os_random
                0x0000000040100ce4                sdk_os_get_random
 .iram1.text    0x0000000040100d2c       0xdb ./build/freertos.a(port.o)
                                        0x103 (size before relaxing)
                0x0000000040100d34                SV_ISR
                0x0000000040100d7c                vPortEnterCritical
                0x0000000040100da4                vPortExitCritical
                0x0000000040100dd0                PendSV
 *fill*         0x0000000040100e07        0x1 
 .iram1.text    0x0000000040100e08       0xaa ./build/core.a(esp_interrupts.o)
                                         0xae (size before relaxing)
                0x0000000040100e0c                _xt_isr_attach
                0x0000000040100e20                _xt_isr_handler
 *fill*         0x0000000040100eb2        0x2 
 .iram1.text    0x0000000040100eb4      0x313 ./build/core.a(app_main.o)
                                        0x363 (size before relaxing)
                0x0000000040100edc                vApplicationStackOverflowHook
                0x0000000040100f08                vApplicationIdleHook
                0x0000000040100f2c                vApplicationTickHook
                0x0000000040100fb0                sdk_user_start
 *fill*         0x00000000401011c7        0x1 
 .iram1.text    0x00000000401011c8       0x1b ./build/core.a(sdk_compat.o)
                0x00000000401011cc                zalloc
 *fill*         0x00000000401011e3        0x1 
 .iram1.text    0x00000000401011e4        0xe ./build/core.a(esp_hwrand.o)
                                         0x12 (size before relaxing)
                0x00000000401011e4                hwrand
 *fill*         0x00000000401011f2        0x2 
 .iram1.text    0x00000000401011f4       0x34 ./build/core.a(newlib_syscalls.o)
                0x0000000040101200                _sbrk_r
 .iram1.text    0x0000000040101228       0xa0 ./build/core.a(debug_dumps.o)
                                         0xb8 (size before relaxing)
                0x0000000040101288                debug_exception_handler
                0x0000000040101288                fatal_exception_handler
                0x00000000401012a8                abort
 .iram1.text    0x00000000401012c8       0x67 ./build/core.a(spiflash-cache-enable.o)
                                         0x7b (size before relaxing)
                0x00000000401012d8                Cache_Read_Enable
 *fill*         0x000000004010132f        0x1 
 .iram1.text    0x0000000040101330      0x36b ./build/core.a(spiflash.o)
                                        0x41b (size before relaxing)
                0x0000000040101454                spiflash_write
                0x0000000040101530                spiflash_read
                0x0000000040101628                spiflash_erase_sector
 *fill*         0x000000004010169b        0x1 
 .iram1.text    0x000000004010169c       0x26 ./build/core.a(esp_iomux.o)
                0x00000000401016a0                gpio_to_iomux
                0x00000000401016b4                iomux_to_gpio
 *fill*         0x00000000401016c2        0x0 
 *fill*         0x00000000401016c2        0x0 
 *fill*         0x00000000401016c2        0x0 
 *fill*         0x00000000401016c2        0x2 
 .iram1.text    0x00000000401016c4       0x3d ./build/open_esplibs_libmain.a(xtensa_context.o)
                0x00000000401016c4                sdk__xt_context_save
                0x00000000401016e0                sdk__xt_context_restore
 *fill*         0x0000000040101701        0x0 
 *fill*         0x0000000040101701        0x0 
 *fill*         0x0000000040101701        0x0 
 *fill*         0x0000000040101701        0x0 
 *fill*         0x0000000040101701        0x0 
 *fill*         0x0000000040101701        0x0 
 *fill*         0x0000000040101701        0x0 
 *fill*         0x0000000040101701        0x3 
 .iram1.data    0x0000000040101704        0x4 ./build/core.a(debug_dumps.o)
 *fill*         0x0000000040101708        0x0 
 *fill*         0x0000000040101708        0x0 
 *fill*         0x0000000040101708        0x0 
 .iram1.data    0x0000000040101708       0x80 ./build/core.a(esp_iomux.o)
 *sdklib*:*(.literal .text .literal.* .text.*)
 .text          0x0000000040101788        0xb ./build/sdklib/libnet80211.a(wl_chm.o)
                0x000000004010178c                sdk_chm_get_current_channel
 *fill*         0x0000000040101793        0x1 
 .text          0x0000000040101794       0x4f ./build/sdklib/libphy.a(phy.o)
                                         0x53 (size before relaxing)
                0x000000004010179c                sdk_register_phy_ops
                0x00000000401017bc                sdk_phy_change_channel
                0x00000000401017d8                sdk_phy_get_mactime
 *fill*         0x00000000401017e3        0x1 
 .text          0x00000000401017e4       0xf7 ./build/sdklib/libphy.a(phy_sleep.o)
                                        0x103 (size before relaxing)
                0x00000000401017f4                sdk_pm_rtc_clock_cali
                0x00000000401018b0                sdk_clockgate_watchdog
 *fill*         0x00000000401018db        0x1 
 .text          0x00000000401018dc       0x94 ./build/sdklib/libpp.a(esf_buf.o)
                                         0xb4 (size before relaxing)
                0x00000000401018e0                sdk_esf_rx_buf_alloc
 .text          0x0000000040101970     0x14e0 ./build/sdklib/libpp.a(lmac.o)
                                       0x187c (size before relaxing)
                0x0000000040101974                sdk_lmacIsActive
                0x0000000040101988                sdk_lmacIsIdle
                0x0000000040101dd0                sdk_lmacSetAcParam
                0x0000000040101e6c                sdk_lmacProcessTXStartData
                0x0000000040102014                sdk_lmacProcessTxSuccess
                0x000000004010215c                sdk_GetAccess
                0x0000000040102168                sdk_lmacDiscardAgedMSDU
                0x000000004010217c                sdk_lmacRecycleMPDU
                0x000000004010265c                sdk_lmacProcessCollisions
                0x00000000401026b8                sdk_lmacProcessCollision
                0x000000004010273c                sdk_lmacMSDUAged
                0x0000000040102ac0                sdk_lmacProcessCtsTimeout
                0x0000000040102b08                sdk_lmacProcessAckTimeout
                0x0000000040102b5c                sdk_lmacProcessRtsStart
                0x0000000040102b68                sdk_lmacProcessTxRtsError
                0x0000000040102c00                sdk_lmacProcessTxError
                0x0000000040102c84                sdk_lmacTxFrame
                0x0000000040102e38                sdk_lmacRxDone
 .text          0x0000000040102e50      0xe70 ./build/sdklib/libpp.a(pp.o)
                                       0x103c (size before relaxing)
                0x0000000040102e80                sdk_pp_soft_wdt_feed
                0x0000000040102f94                sdk_ppProcessTxQ
                0x0000000040103084                sdk_ppFetchTxQFirstAvail
                0x00000000401030c4                sdk_ppDequeueTxQ
                0x00000000401030ec                sdk_ppRollBackTxQ
                0x0000000040103110                sdk_ppRecordBarRRC
                0x0000000040103120                sdk_ppTxqUpdateBitmap
                0x0000000040103144                sdk_ppEnqueueTxDone
                0x0000000040103178                sdk_ppEnqueueRxq
                0x0000000040103940                sdk_ppDiscardMPDU
                0x0000000040103974                sdk_MacIsrSigPostDefHdl
                0x0000000040103a68                sdk_pp_post
                0x0000000040103b6c                sdk_ppCalTxop
                0x0000000040103c50                sdk_ppCalFrameTimes
 .text          0x0000000040103cc0       0xf5 ./build/sdklib/libpp.a(rate_control.o)
                                        0x109 (size before relaxing)
                0x0000000040103ce0                sdk_RC_GetAckRate
                0x0000000040103cec                sdk_RC_GetRtsRate
                0x0000000040103cfc                sdk_RC_GetAckTime
                0x0000000040103d10                sdk_RC_GetCtsTime
                0x0000000040103d48                sdk_RC_GetBlockAckTime
 *fill*         0x0000000040103db5        0x3 
 .text          0x0000000040103db8      0x7f9 ./build/sdklib/libpp.a(trc.o)
                                        0x81d (size before relaxing)
                0x0000000040103f30                sdk_rcUpdateTxDone
                0x0000000040103fc4                sdk_rcUpdateRxDone
                0x0000000040104020                sdk_rcUpdateDataRxDone
                0x0000000040104038                sdk_rcGetSched
                0x00000000401040e0                sdk_rcGetRate
                0x00000000401044e4                sdk_rcReachRetryLimit
                0x00000000401044fc                sdk_trc_NeedRTS
 *fill*         0x00000000401045b1        0x3 
 .text          0x00000000401045b4     0x1163 ./build/sdklib/libpp.a(wdev.o)
                                       0x1473 (size before relaxing)
                0x0000000040104908                sdk_wDev_MacTimSetFunc
                0x0000000040104928                sdk_wDev_MacTimArm
                0x00000000401049cc                sdk_wDev_MacTim1Arm
                0x0000000040104aa8                sdk_wDev_ProcessFiq
                0x0000000040104e4c                sdk_wDev_EnableTransmit
                0x0000000040104e90                sdk_wDev_DisableTransmit
                0x0000000040104eb0                sdk_Tx_Copy2Queue
                0x0000000040104ef8                sdk_wDev_ProcessCollision
                0x0000000040104f1c                sdk_wDev_GetTxqCollisions
                0x0000000040104f2c                sdk_wDev_ClearTxqCollisions
                0x0000000040104f44                sdk_wDev_SetWaitingQueue
                0x0000000040104f90                sdk_wDev_ClearWaitingQueue
                0x0000000040104fb0                sdk_wDev_SetFrameAckType
                0x0000000040105014                sdk_wDev_AppendRxBlocks
                0x00000000401051bc                sdk_wDev_AppendRxAmpduLensBlocks
                0x00000000401052f4                sdk_wDev_GetBAInfo
 *fill*         0x0000000040105717        0x1 
 .text          0x0000000040105718       0x25 ./build/sdklib/libnet80211.a(ieee80211_hostap.o)
 *fill*         0x000000004010573d        0x0 
 *fill*         0x000000004010573d        0x0 
 *fill*         0x000000004010573d        0x3 
 .text          0x0000000040105740        0x2 ./build/sdklib/libphy.a(phy_chip_v6.o)
                0x0000000040105740                sdk_ram_tx_mac_disable
 *fill*         0x0000000040105742        0x0 
 *fill*         0x0000000040105742        0x0 
 *fill*         0x0000000040105742        0x0 
 *fill*         0x0000000040105742        0x0 
 *fill*         0x0000000040105742        0x2 
 .text          0x0000000040105744       0x11 ./build/sdklib/libwpa.a(wpa_auth.o)
 *libgcc.a:*i3.o(.literal .text .literal.* .text.*)
 *fill*         0x0000000040105755        0x3 
 .text          0x0000000040105758       0x49 ./build/libgcc.a(_modsi3.o)
                0x0000000040105758                __modsi3
 *fill*         0x00000000401057a1        0x3 
 .text          0x00000000401057a4       0x4c ./build/libgcc.a(_udivsi3.o)
                0x00000000401057a4                __udivsi3
 .text          0x00000000401057f0       0x18 ./build/libgcc.a(_ashrdi3.o)
                0x00000000401057f0                __ashrdi3
 *libc.a:*malloc.o(.literal .text .literal.* .text.*)
 .literal       0x0000000040105808        0x4 ./build/libc.a(lib_a-malloc.o)
                                         0x10 (size before relaxing)
 .literal       0x000000004010580c        0x8 ./build/libc.a(lib_a-nano-mallocr.o)
                                         0x20 (size before relaxing)
 .literal       0x0000000040105814        0x0 ./build/libc.a(lib_a-nano-freer.o)
                                          0xc (size before relaxing)
 .literal       0x0000000040105814       0x28 ./build/libc.a(lib_a-rand.o)
                                         0x58 (size before relaxing)
 .literal       0x000000004010583c        0xc ./build/libc.a(lib_a-mlock.o)
                                         0x10 (size before relaxing)
 .literal       0x0000000040105848        0x0 ./build/libc.a(lib_a-printf.o)
                                          0xc (size before relaxing)
 .literal       0x0000000040105848        0x0 ./build/libc.a(lib_a-sprintf.o)
                                         0x14 (size before relaxing)
 .literal       0x0000000040105848        0x0 ./build/libc.a(lib_a-fprintf.o)
                                          0xc (size before relaxing)
 .literal       0x0000000040105848       0x24 ./build/libc.a(lib_a-nano-svfprintf.o)
                                         0x54 (size before relaxing)
 .literal       0x000000004010586c       0x1c ./build/libc.a(lib_a-nano-vfprintf.o)
                                         0x54 (size before relaxing)
 .literal       0x0000000040105888       0x48 ./build/libc.a(lib_a-findfp.o)
                                         0xa4 (size before relaxing)
 .literal       0x00000000401058d0        0x8 ./build/libc.a(lib_a-fputwc.o)
                                         0x20 (size before relaxing)
 .text          0x00000000401058d8       0x35 ./build/libc.a(lib_a-malloc.o)
                0x00000000401058d8                malloc
                0x00000000401058f4                free
 *libc.a:*mallocr.o(.literal .text .literal.* .text.*)
 *fill*         0x000000004010590d        0x3 
 .text          0x0000000040105910       0xed ./build/libc.a(lib_a-nano-mallocr.o)
                                         0xf1 (size before relaxing)
                0x0000000040105910                _malloc_r
 *fill*         0x00000000401059fd        0x0 
 *libc.a:*freer.o(.literal .text .literal.* .text.*)
 *fill*         0x00000000401059fd        0x3 
 .text          0x0000000040105a00       0xb1 ./build/libc.a(lib_a-nano-freer.o)
                0x0000000040105a00                _free_r
 *fill*         0x0000000040105ab1        0x0 
 *libc.a:*memcpy.o(.literal .text .literal.* .text.*)
 *libc.a:*memset.o(.literal .text .literal.* .text.*)
 *libc.a:*memcmp.o(.literal .text .literal.* .text.*)
 *libc.a:*memmove.o(.literal .text .literal.* .text.*)
 *libc.a:*rand.o(.literal .text .literal.* .text.*)
 *fill*         0x0000000040105ab1        0x3 
 .text          0x0000000040105ab4       0xdd ./build/libc.a(lib_a-rand.o)
                                         0xe1 (size before relaxing)
                0x0000000040105ab4                srand
                0x0000000040105b18                rand
 *fill*         0x0000000040105b91        0x0 
 *libc.a:*bzero.o(.literal .text .literal.* .text.*)
 *libc.a:*lock.o(.literal .text .literal.* .text.*)
 *fill*         0x0000000040105b91        0x3 
 .text          0x0000000040105b94       0x2d ./build/libc.a(lib_a-mlock.o)
                0x0000000040105b94                __malloc_lock
                0x0000000040105bac                __malloc_unlock
 *fill*         0x0000000040105bc1        0x0 
 *libc.a:*-printf.o(.literal .text .literal.* .text.*)
 *fill*         0x0000000040105bc1        0x3 
 .text          0x0000000040105bc4       0x61 ./build/libc.a(lib_a-printf.o)
                                         0x65 (size before relaxing)
                0x0000000040105bc4                _printf_r
                0x0000000040105bc4                _iprintf_r
                0x0000000040105bf0                printf
                0x0000000040105bf0                iprintf
 *fill*         0x0000000040105c25        0x0 
 *libc.a:*-sprintf.o(.literal .text .literal.* .text.*)
 *fill*         0x0000000040105c25        0x3 
 .text          0x0000000040105c28       0xb5 ./build/libc.a(lib_a-sprintf.o)
                                         0xb9 (size before relaxing)
                0x0000000040105c28                _siprintf_r
                0x0000000040105c28                _sprintf_r
                0x0000000040105c80                sprintf
                0x0000000040105c80                siprintf
 *fill*         0x0000000040105cdd        0x0 
 *libc.a:*-fprintf.o(.literal .text .literal.* .text.*)
 *fill*         0x0000000040105cdd        0x3 
 .text          0x0000000040105ce0       0x57 ./build/libc.a(lib_a-fprintf.o)
                                         0x5b (size before relaxing)
                0x0000000040105ce0                _fprintf_r
                0x0000000040105ce0                _fiprintf_r
                0x0000000040105d04                fprintf
                0x0000000040105d04                fiprintf
 *fill*         0x0000000040105d37        0x0 
 *libc.a:*-svfprintf.o(.literal .text .literal.* .text.*)
 *fill*         0x0000000040105d37        0x1 
 .text          0x0000000040105d38      0x4c5 ./build/libc.a(lib_a-nano-svfprintf.o)
                0x0000000040105d38                __ssputs_r
                0x0000000040105e34                __ssprint_r
                0x0000000040105f68                _svfprintf_r
                0x0000000040105f68                _svfiprintf_r
 *fill*         0x00000000401061fd        0x0 
 *libc.a:*-vfprintf.o(.literal .text .literal.* .text.*)
 *fill*         0x00000000401061fd        0x3 
 .text          0x0000000040106200      0x43b ./build/libc.a(lib_a-nano-vfprintf.o)
                                        0x43f (size before relaxing)
                0x0000000040106238                __sfputs_r
                0x00000000401062a8                __sprint_r
                0x0000000040106338                _vfiprintf_r
                0x0000000040106338                _vfprintf_r
                0x0000000040106614                vfiprintf
                0x0000000040106614                vfprintf
 *fill*         0x000000004010663b        0x0 
 *libc.a:*findfp.o(.literal .text .literal.* .text.*)
 *fill*         0x000000004010663b        0x1 
 .text          0x000000004010663c      0x317 ./build/libc.a(lib_a-findfp.o)
                0x0000000040106694                _cleanup_r
                0x000000004010672c                __sfmoreglue
                0x0000000040106774                _cleanup
                0x0000000040106788                __sfp_lock_acquire
                0x00000000401067a0                __sfp_lock_release
                0x00000000401067b8                __sinit_lock_acquire
                0x00000000401067d0                __sinit_lock_release
                0x00000000401067e8                __sinit
                0x0000000040106864                __sfp
                0x0000000040106914                __fp_lock_all
                0x0000000040106934                __fp_unlock_all
 *fill*         0x0000000040106953        0x0 
 *libc.a:*fputwc.o(.literal .text .literal.* .text.*)
 *fill*         0x0000000040106953        0x1 
 .text          0x0000000040106954      0x152 ./build/libc.a(lib_a-fputwc.o)
                                        0x156 (size before relaxing)
                0x0000000040106954                __fputwc
                0x00000000401069fc                _fputwc_r
                0x0000000040106a70                fputwc
 *fill*         0x0000000040106aa6        0x0 
 *(.stub .gnu.warning .gnu.linkonce.literal.* .gnu.linkonce.t.*.literal .gnu.linkonce.t.*)
 *(.fini.literal)
 *(.fini)
 *(.gnu.version)
                0x0000000040106aa6                _text_end = ABSOLUTE (.)
                0x0000000040106aa6                _etext = .

.data           0x000000003ffe8000      0x970
                0x000000003ffe8000                _data_start = ABSOLUTE (.)
 *(.data)
 .data          0x000000003ffe8000        0x8 ./build/core.a(spiflash-cache-enable.o)
                0x000000003ffe8000                rboot_megabyte
 .data          0x000000003ffe8008       0xf4 ./build/libc.a(lib_a-impure.o)
                0x000000003ffe8008                _impure_ptr
 .data          0x000000003ffe80fc      0x16c ./build/libc.a(lib_a-locale.o)
                0x000000003ffe80fc                __global_locale
 .data          0x000000003ffe8268        0x1 ./build/sdklib/libmain.a(user_interface.o)
 *fill*         0x000000003ffe8269        0x3 
 .data          0x000000003ffe826c      0x1a8 ./build/sdklib/libnet80211.a(ieee80211_phy.o)
 *fill*         0x000000003ffe8414        0x4 
 .data          0x000000003ffe8418        0x6 ./build/sdklib/libnet80211.a(ieee80211_proto.o)
                0x000000003ffe8418                sdk_ieee80211_addr_bcast
 *fill*         0x000000003ffe841e        0x2 
 .data          0x000000003ffe8420       0x1c ./build/sdklib/libnet80211.a(ieee80211_action.o)
 *fill*         0x000000003ffe843c        0x4 
 .data          0x000000003ffe8440       0x53 ./build/sdklib/libphy.a(phy_chip_v6.o)
                0x000000003ffe8442                sdk_tx_rf_ana_gain
                0x000000003ffe8464                sdk_tx_pwctrl_atten_init_en
                0x000000003ffe8470                sdk_rx_gain_swp
                0x000000003ffe8490                sdk_test_rffreq_txcap
 *fill*         0x000000003ffe8493        0xd 
 .data          0x000000003ffe84a0       0x90 ./build/sdklib/libphy.a(phy_chip_v6_cal.o)
                0x000000003ffe84a0                sdk_dpd_index
                0x000000003ffe8500                sdk_dpd_db2linear
 .data          0x000000003ffe8530        0x4 ./build/sdklib/libphy.a(phy_sleep.o)
                0x000000003ffe8530                sdk_chip_version
 .data          0x000000003ffe8534      0x11c ./build/sdklib/libphy.a(phy_chip_v5_romfunc.o)
                0x000000003ffe8534                sdk_g_phyFuns
                0x000000003ffe8538                sdk_g_phyFuns_instance
 .data          0x000000003ffe8650        0x7 ./build/sdklib/libphy.a(phy_chip_v5_cal_romfunc.o)
 *fill*         0x000000003ffe8657        0x1 
 .data          0x000000003ffe8658        0x1 ./build/sdklib/libpp.a(pm.o)
 *fill*         0x000000003ffe8659        0x3 
 .data          0x000000003ffe865c       0x10 ./build/sdklib/libpp.a(pp.o)
                0x000000003ffe865c                sdk_NoiseTimerInterval
                0x000000003ffe8664                sdk_sleep_start_wait_time
 *fill*         0x000000003ffe866c        0x4 
 .data          0x000000003ffe8670       0x40 ./build/sdklib/libpp.a(rate_control.o)
 .data          0x000000003ffe86b0      0x22c ./build/sdklib/libpp.a(trc.o)
 *fill*         0x000000003ffe88dc        0x4 
 .data          0x000000003ffe88e0       0x10 ./build/sdklib/libpp.a(wdev.o)
 .data          0x000000003ffe88f0       0x18 ./build/sdklib/libnet80211.a(ieee80211_crypto_ccmp.o)
                0x000000003ffe88f0                sdk_ccmp
 .data          0x000000003ffe8908       0x18 ./build/sdklib/libnet80211.a(ieee80211_crypto_tkip.o)
                0x000000003ffe8908                sdk_tkip
 .data          0x000000003ffe8920       0x18 ./build/sdklib/libnet80211.a(ieee80211_crypto_wep.o)
                0x000000003ffe8920                sdk_wep
 *(.data.*)
 .data.sdk_dhcpc_flag
                0x000000003ffe8938        0x4 ./build/open_esplibs_libmain.a(user_interface.o)
                0x000000003ffe8938                sdk_dhcpc_flag
 .data.sdk_flashchip
                0x000000003ffe893c       0x18 ./build/open_esplibs_libmain.a(spi_flash.o)
                0x000000003ffe893c                sdk_flashchip
 .data.cpu_freq
                0x000000003ffe8954        0x4 ./build/open_esplibs_libmain.a(misc.o)
 .data.iss$5640
                0x000000003ffe8958        0x4 ./build/lwip.a(tcp.o)
 .data.tcp_port
                0x000000003ffe895c        0x2 ./build/lwip.a(tcp.o)
 .data.udp_port
                0x000000003ffe895e        0x2 ./build/lwip.a(udp.o)
 .data.current_stdout_write_r
                0x000000003ffe8960        0x4 ./build/core.a(newlib_syscalls.o)
 .data.global_hooks
                0x000000003ffe8964        0xc ./build/program.a(cJSON.o)
 *(.gnu.linkonce.d.*)
 *(.data1)
 *(.sdata)
 *(.sdata.*)
 *(.gnu.linkonce.s.*)
 *(.sdata2)
 *(.sdata2.*)
 *(.gnu.linkonce.s2.*)
 *(.jcr)
                0x000000003ffe8970                _data_end = ABSOLUTE (.)

.rodata         0x000000003ffe8970      0x8a4
                0x000000003ffe8970                _rodata_start = ABSOLUTE (.)
 *core.a:*(.rodata.* .rodata)
 .rodata.str1.4
                0x000000003ffe8970      0x19f ./build/core.a(app_main.o)
 *fill*         0x000000003ffe8b0f        0x1 
 .rodata.CSWTCH$29
                0x000000003ffe8b10       0x24 ./build/core.a(app_main.o)
 .rodata.CSWTCH$28
                0x000000003ffe8b34       0x40 ./build/core.a(app_main.o)
 .rodata.str1.4
                0x000000003ffe8b74      0x1cc ./build/core.a(debug_dumps.o)
 .rodata        0x000000003ffe8d40       0x1c ./build/core.a(exception_vectors.o)
 *libc.a:*.o(.rodata.* .rodata)
 .rodata        0x000000003ffe8d5c        0x4 ./build/libc.a(lib_a-impure.o)
                0x000000003ffe8d5c                _global_impure_ptr
 .rodata.str1.1
                0x000000003ffe8d60        0xa ./build/libc.a(lib_a-locale.o)
                                          0xb (size before relaxing)
 .rodata.str1.1
                0x000000003ffe8d6a       0x21 ./build/libc.a(lib_a-mstats.o)
 .rodata.str1.1
                0x000000003ffe8d8b       0x4b ./build/libc.a(lib_a-nano-mallstatsr.o)
 .rodata.str1.1
                0x000000003ffe8dd6       0x12 ./build/libc.a(lib_a-nano-vfprintf_float.o)
 .rodata.str1.1
                0x000000003ffe8de8       0x22 ./build/libc.a(lib_a-nano-vfprintf_i.o)
 .rodata.str1.1
                0x000000003ffe8e0a        0x5 ./build/libc.a(lib_a-nano-vfscanf_float.o)
 .rodata.str1.1
                0x000000003ffe8e0f        0x5 ./build/libc.a(lib_a-puts.o)
                                          0x2 (size before relaxing)
 .rodata.str1.1
                0x000000003ffe8e0f        0x5 ./build/libc.a(lib_a-strtod.o)
                                          0xc (size before relaxing)
 *fill*         0x000000003ffe8e0f        0x1 
 .rodata        0x000000003ffe8e10       0x70 ./build/libc.a(lib_a-strtod.o)
 .rodata        0x000000003ffe8e80      0x101 ./build/libc.a(lib_a-ctype_.o)
                0x000000003ffe8e80                _ctype_
 .rodata.str1.1
                0x000000003ffe8f81        0xd ./build/libc.a(lib_a-dtoa.o)
                                          0xf (size before relaxing)
 *fill*         0x000000003ffe8f8e        0x2 
 .rodata        0x000000003ffe8f90      0x128 ./build/libc.a(lib_a-mprec.o)
                0x000000003ffe8fa0                __mprec_tinytens
                0x000000003ffe8fc8                __mprec_bigtens
                0x000000003ffe8ff0                __mprec_tens
 .rodata.str1.1
                0x000000003ffe90b8       0x11 ./build/libc.a(lib_a-nano-svfprintf.o)
 .rodata.str1.1
                0x000000003ffe90c9       0x11 ./build/libc.a(lib_a-nano-vfprintf.o)
 *freertos.a:*(.rodata.* .rodata)
 *fill*         0x000000003ffe90c9        0x3 
 .rodata.str1.4
                0x000000003ffe90cc       0x45 ./build/freertos.a(tasks.o)
 *fill*         0x000000003ffe9111        0x3 
 .rodata.str1.4
                0x000000003ffe9114       0x49 ./build/freertos.a(timers.o)
 *fill*         0x000000003ffe915d        0x3 
 .rodata.str1.4
                0x000000003ffe9160       0x64 ./build/freertos.a(port.o)
 .rodata.str1.4
                0x000000003ffe91c4       0x40 ./build/freertos.a(queue.o)
 *libmain.a:spi_flash.o(.rodata.* .rodata)
 *libpp.a:wdev.o(.rodata.* .rodata)
 .rodata.str1.4
                0x000000003ffe9204       0x10 ./build/sdklib/libpp.a(wdev.o)
                                          0xf (size before relaxing)
                0x000000003ffe9214                _rodata_end = ABSOLUTE (.)

.bss            0x000000003ffe9218     0x84b0
                0x000000003ffe9218                . = ALIGN (0x8)
                0x000000003ffe9218                _bss_start = ABSOLUTE (.)
 *(.dynsbss)
 *(.sbss)
 *(.sbss.*)
 *(.gnu.linkonce.sb.*)
 *(.scommon)
 *(.sbss2)
 *(.sbss2.*)
 *(.gnu.linkonce.sb2.*)
 *(.dynbss)
 *(.bss)
 *fill*         0x000000003ffe9218        0x8 
 .bss           0x000000003ffe9220      0x228 ./build/core.a(exception_vectors.o)
                0x000000003ffe9434                debug_saved_ctx
 .bss           0x000000003ffe9448        0xc ./build/libc.a(lib_a-arc4random.o)
                0x000000003ffe9448                __arc4random_mutex
 .bss           0x000000003ffe9454        0x4 ./build/libc.a(lib_a-__call_atexit.o)
                0x000000003ffe9454                __atexit_recursive_mutex
 .bss           0x000000003ffe9458        0x4 ./build/libc.a(lib_a-envlock.o)
                0x000000003ffe9458                __env_recursive_mutex
 .bss           0x000000003ffe945c        0x8 ./build/libc.a(lib_a-findfp.o)
                0x000000003ffe945c                __sinit_recursive_mutex
                0x000000003ffe9460                __sfp_recursive_mutex
 .bss           0x000000003ffe9464        0x4 ./build/libc.a(lib_a-mlock.o)
                0x000000003ffe9464                __malloc_recursive_mutex
 .bss           0x000000003ffe9468       0x28 ./build/libc.a(lib_a-nano-mallinfor.o)
                0x000000003ffe9468                __malloc_current_mallinfo
 .bss           0x000000003ffe9490        0x8 ./build/libc.a(lib_a-nano-mallocr.o)
                0x000000003ffe9490                __malloc_sbrk_start
                0x000000003ffe9494                __malloc_free_list
 .bss           0x000000003ffe9498        0x8 ./build/libc.a(lib_a-quick_exit.o)
                0x000000003ffe9498                __at_quick_exit_mutex
 .bss           0x000000003ffe94a0        0x4 ./build/libc.a(lib_a-tzlock.o)
                0x000000003ffe94a0                __tz_mutex
 *fill*         0x000000003ffe94a4        0xc 
 .bss           0x000000003ffe94b0      0x131 ./build/sdklib/libmain.a(user_interface.o)
 *fill*         0x000000003ffe95e1        0x3 
 .bss           0x000000003ffe95e4      0x54c ./build/sdklib/libnet80211.a(ieee80211.o)
                0x000000003ffe95e4                sdk_g_ic
                0x000000003ffe9b2c                sdk_xieee80211Queue
 .bss           0x000000003ffe9b30       0x28 ./build/sdklib/libnet80211.a(ieee80211_hostap.o)
                0x000000003ffe9b50                sdk_TmpSTAAPCloseAP
                0x000000003ffe9b51                sdk_PendFreeBcnEb
 .bss           0x000000003ffe9b58       0xe4 ./build/sdklib/libnet80211.a(ieee80211_scan.o)
                0x000000003ffe9b58                sdk_gScanStruct
                0x000000003ffe9c1c                sdk_auth_type
                0x000000003ffe9c1e                sdk_scannum
 .bss           0x000000003ffe9c3c       0x44 ./build/sdklib/libnet80211.a(wl_chm.o)
 .bss           0x000000003ffe9c80      0x780 ./build/sdklib/libnet80211.a(wl_cnx.o)
                0x000000003ffea3e0                sdk_sta_con_timer
                0x000000003ffea3fc                sdk_g_cnx_probe_rc_list_cb
 .bss           0x000000003ffea400        0x4 ./build/sdklib/libphy.a(phy.o)
 *fill*         0x000000003ffea404        0xc 
 .bss           0x000000003ffea410      0x38b ./build/sdklib/libphy.a(phy_chip_v6.o)
                0x000000003ffea410                sdk_rxiq_compute_num
                0x000000003ffea414                sdk_rxdc_init_flag
                0x000000003ffea418                sdk_check_result
                0x000000003ffea41c                sdk_chip6_sleep_params
                0x000000003ffea5f4                sdk_chip6_phy_init_ctrl
                0x000000003ffea662                sdk_phy_freq_offset
                0x000000003ffea664                sdk_do_pwctrl_flag
                0x000000003ffea665                sdk_pwctrl_debug
                0x000000003ffea666                sdk_txbk_dpdby_flag
                0x000000003ffea668                sdk_sw_scan_mode
                0x000000003ffea67c                sdk_periodic_cal_dc_num
                0x000000003ffea680                sdk_periodic_cal_flag
                0x000000003ffea681                sdk_bbpll_cal_flag
                0x000000003ffea682                sdk_deep_sleep_en
                0x000000003ffea688                sdk_noise_array
                0x000000003ffea790                sdk_tx_pwctrl_atten_init
 *fill*         0x000000003ffea79b        0x1 
 .bss           0x000000003ffea79c        0x6 ./build/sdklib/libphy.a(phy_chip_v6_cal.o)
                0x000000003ffea79c                sdk_loop_pwctrl_pwdet_error_accum_high_power
                0x000000003ffea79e                sdk_tx_pwctrl_pk_num
                0x000000003ffea79f                sdk_loop_pwctrl_correct_atten_high_power
                0x000000003ffea7a0                sdk_tx_pwctrl_set_chan_flag
                0x000000003ffea7a1                sdk_rxiq_cover_fail_num
 *fill*         0x000000003ffea7a2        0x2 
 .bss           0x000000003ffea7a4        0x4 ./build/sdklib/libphy.a(phy_sleep.o)
                0x000000003ffea7a4                sdk_periodic_cal_sat
                0x000000003ffea7a5                sdk_software_slp_reject
                0x000000003ffea7a6                sdk_SDIO_slp_reject
                0x000000003ffea7a7                sdk_hardware_reject
 *fill*         0x000000003ffea7a8        0x8 
 .bss           0x000000003ffea7b0     0x11e8 ./build/sdklib/libpp.a(esf_buf.o)
 *fill*         0x000000003ffeb998        0x8 
 .bss           0x000000003ffeb9a0       0x30 ./build/sdklib/libpp.a(if_hwctrl.o)
                0x000000003ffeb9a0                sdk_interface_mask
                0x000000003ffeb9b0                sdk_if_ctrl
 .bss           0x000000003ffeb9d0      0x150 ./build/sdklib/libpp.a(lmac.o)
                0x000000003ffeb9d4                sdk_lmacConfMib
 .bss           0x000000003ffebb20      0x149 ./build/sdklib/libpp.a(pm.o)
 *fill*         0x000000003ffebc69        0x7 
 .bss           0x000000003ffebc70      0x352 ./build/sdklib/libpp.a(pp.o)
                0x000000003ffebc98                sdk_pend_flag_noise_check
                0x000000003ffebca0                sdk_pend_flag_periodic_cal
                0x000000003ffebcc4                sdk_dbg_stop_sw_wdt
                0x000000003ffebcc5                sdk_dbg_stop_hw_wdt
 *fill*         0x000000003ffebfc2        0xe 
 .bss           0x000000003ffebfd0      0x100 ./build/sdklib/libpp.a(rate_control.o)
 .bss           0x000000003ffec0d0      0x268 ./build/sdklib/libpp.a(trc.o)
 *fill*         0x000000003ffec338        0x8 
 .bss           0x000000003ffec340     0x4721 ./build/sdklib/libpp.a(wdev.o)
                0x000000003ffec340                sdk_wDevCtrl
                0x000000003ffec4e4                sdk_NMIIrqIsOn
                0x000000003ffec4e8                sdk_WdevTimOffSet
 *fill*         0x000000003fff0a61        0xf 
 .bss           0x000000003fff0a70      0x27a ./build/sdklib/libwpa.a(wpa.o)
 *fill*         0x000000003fff0cea        0x6 
 .bss           0x000000003fff0cf0       0xb0 ./build/sdklib/libwpa.a(aes-internal-dec.o)
 .bss           0x000000003fff0da0        0x8 ./build/sdklib/libnet80211.a(ieee80211_crypto_tkip.o)
 *(.bss.*)
 .bss.task_handle
                0x000000003fff0da8        0x4 ./build/open_esplibs_libmain.a(ets_timer.o)
 .bss.timer_list
                0x000000003fff0dac        0x4 ./build/open_esplibs_libmain.a(ets_timer.o)
 .bss.armed_timer_count
                0x000000003fff0db0        0x1 ./build/open_esplibs_libmain.a(timers.o)
 *fill*         0x000000003fff0db1        0x3 
 .bss.timer_list
                0x000000003fff0db4        0x4 ./build/open_esplibs_libmain.a(timers.o)
 .bss.hostap_timer_parg
                0x000000003fff0db8        0x4 ./build/open_esplibs_libnet80211.a(ieee80211_hostap.o)
 .bss.hostap_timer
                0x000000003fff0dbc       0x1c ./build/open_esplibs_libnet80211.a(ieee80211_hostap.o)
 .bss.hostap_flags
                0x000000003fff0dd8        0x1 ./build/open_esplibs_libnet80211.a(ieee80211_hostap.o)
 *fill*         0x000000003fff0dd9        0x3 
 .bss.pp_zeros  0x000000003fff0ddc       0x20 ./build/open_esplibs_libpp.a(pp.o)
 .bss.uxSchedulerSuspended
                0x000000003fff0dfc        0x4 ./build/freertos.a(tasks.o)
 .bss.xIdleTaskHandle
                0x000000003fff0e00        0x4 ./build/freertos.a(tasks.o)
 .bss.xNextTaskUnblockTime
                0x000000003fff0e04        0x4 ./build/freertos.a(tasks.o)
 .bss.uxTaskNumber
                0x000000003fff0e08        0x4 ./build/freertos.a(tasks.o)
 .bss.xNumOfOverflows
                0x000000003fff0e0c        0x4 ./build/freertos.a(tasks.o)
 .bss.xYieldPending
                0x000000003fff0e10        0x4 ./build/freertos.a(tasks.o)
 .bss.uxPendedTicks
                0x000000003fff0e14        0x4 ./build/freertos.a(tasks.o)
 .bss.xSchedulerRunning
                0x000000003fff0e18        0x4 ./build/freertos.a(tasks.o)
 .bss.uxTopReadyPriority
                0x000000003fff0e1c        0x4 ./build/freertos.a(tasks.o)
 .bss.xTickCount
                0x000000003fff0e20        0x4 ./build/freertos.a(tasks.o)
 .bss.uxCurrentNumberOfTasks
                0x000000003fff0e24        0x4 ./build/freertos.a(tasks.o)
 .bss.xSuspendedTaskList
                0x000000003fff0e28       0x14 ./build/freertos.a(tasks.o)
 .bss.uxDeletedTasksWaitingCleanUp
                0x000000003fff0e3c        0x4 ./build/freertos.a(tasks.o)
 .bss.xTasksWaitingTermination
                0x000000003fff0e40       0x14 ./build/freertos.a(tasks.o)
 .bss.xPendingReadyList
                0x000000003fff0e54       0x14 ./build/freertos.a(tasks.o)
 .bss.pxOverflowDelayedTaskList
                0x000000003fff0e68        0x4 ./build/freertos.a(tasks.o)
 .bss.pxDelayedTaskList
                0x000000003fff0e6c        0x4 ./build/freertos.a(tasks.o)
 .bss.xDelayedTaskList2
                0x000000003fff0e70       0x14 ./build/freertos.a(tasks.o)
 .bss.xDelayedTaskList1
                0x000000003fff0e84       0x14 ./build/freertos.a(tasks.o)
 .bss.pxReadyTasksLists
                0x000000003fff0e98      0x12c ./build/freertos.a(tasks.o)
 .bss.pxCurrentTCB
                0x000000003fff0fc4        0x4 ./build/freertos.a(tasks.o)
                0x000000003fff0fc4                pxCurrentTCB
 .bss.xLastTime$3532
                0x000000003fff0fc8        0x4 ./build/freertos.a(timers.o)
 .bss.xTimerTaskHandle
                0x000000003fff0fcc        0x4 ./build/freertos.a(timers.o)
 .bss.xTimerQueue
                0x000000003fff0fd0        0x4 ./build/freertos.a(timers.o)
 .bss.pxOverflowTimerList
                0x000000003fff0fd4        0x4 ./build/freertos.a(timers.o)
 .bss.pxCurrentTimerList
                0x000000003fff0fd8        0x4 ./build/freertos.a(timers.o)
 .bss.xActiveTimerList2
                0x000000003fff0fdc       0x14 ./build/freertos.a(timers.o)
 .bss.xActiveTimerList1
                0x000000003fff0ff0       0x14 ./build/freertos.a(timers.o)
 .bss.uxCriticalNesting
                0x000000003fff1004        0x4 ./build/freertos.a(port.o)
 .bss.pending_maclayer_sv
                0x000000003fff1008        0x4 ./build/freertos.a(port.o)
 .bss.pending_soft_sv
                0x000000003fff100c        0x4 ./build/freertos.a(port.o)
 .bss.critical_nesting
                0x000000003fff1010        0x4 ./build/lwip.a(sys_arch.o)
 .bss.tcpip_mbox
                0x000000003fff1014        0x4 ./build/lwip.a(tcpip.o)
 .bss.tcpip_init_done_arg
                0x000000003fff1018        0x4 ./build/lwip.a(tcpip.o)
 .bss.tcpip_init_done
                0x000000003fff101c        0x4 ./build/lwip.a(tcpip.o)
 .bss.tcp_timer_ctr
                0x000000003fff1020        0x1 ./build/lwip.a(tcp.o)
 .bss.tcp_timer
                0x000000003fff1021        0x1 ./build/lwip.a(tcp.o)
 *fill*         0x000000003fff1022        0x2 
 .bss.tcpip_tcp_timer_active
                0x000000003fff1024        0x4 ./build/lwip.a(timeouts.o)
 .bss.current_timeout_due_time
                0x000000003fff1028        0x4 ./build/lwip.a(timeouts.o)
 .bss.next_timeout
                0x000000003fff102c        0x4 ./build/lwip.a(timeouts.o)
 .bss.dns_servers
                0x000000003fff1030        0x8 ./build/lwip.a(dns.o)
 .bss.dns_requests
                0x000000003fff1038        0xc ./build/lwip.a(dns.o)
 .bss.dns_table
                0x000000003fff1044       0x94 ./build/lwip.a(dns.o)
 .bss.dns_seqno
                0x000000003fff10d8        0x1 ./build/lwip.a(dns.o)
 .bss.dns_last_pcb_idx
                0x000000003fff10d9        0x1 ./build/lwip.a(dns.o)
 *fill*         0x000000003fff10da        0x2 
 .bss.dns_pcbs  0x000000003fff10dc        0x4 ./build/lwip.a(dns.o)
 .bss.recv_data
                0x000000003fff10e0        0x4 ./build/lwip.a(tcp_in.o)
 .bss.recv_flags
                0x000000003fff10e4        0x1 ./build/lwip.a(tcp_in.o)
 .bss.flags     0x000000003fff10e5        0x1 ./build/lwip.a(tcp_in.o)
 .bss.tcplen    0x000000003fff10e6        0x2 ./build/lwip.a(tcp_in.o)
 .bss.recv_acked
                0x000000003fff10e8        0x2 ./build/lwip.a(tcp_in.o)
 *fill*         0x000000003fff10ea        0x2 
 .bss.ackno     0x000000003fff10ec        0x4 ./build/lwip.a(tcp_in.o)
 .bss.seqno     0x000000003fff10f0        0x4 ./build/lwip.a(tcp_in.o)
 .bss.tcp_optidx
                0x000000003fff10f4        0x2 ./build/lwip.a(tcp_in.o)
 *fill*         0x000000003fff10f6        0x2 
 .bss.tcphdr_opt2
                0x000000003fff10f8        0x4 ./build/lwip.a(tcp_in.o)
 .bss.tcphdr_opt1len
                0x000000003fff10fc        0x2 ./build/lwip.a(tcp_in.o)
 .bss.tcphdr_optlen
                0x000000003fff10fe        0x2 ./build/lwip.a(tcp_in.o)
 .bss.tcphdr    0x000000003fff1100        0x4 ./build/lwip.a(tcp_in.o)
 .bss.inseg     0x000000003fff1104       0x10 ./build/lwip.a(tcp_in.o)
 .bss.netif_num
                0x000000003fff1114        0x1 ./build/lwip.a(netif.o)
 *fill*         0x000000003fff1115        0x1 
 .bss.ip_reass_pbufcount
                0x000000003fff1116        0x2 ./build/lwip.a(ip4_frag.o)
 .bss.reassdatagrams
                0x000000003fff1118        0x4 ./build/lwip.a(ip4_frag.o)
 .bss.xid$4581  0x000000003fff111c        0x4 ./build/lwip.a(dhcp.o)
 .bss.dhcp_pcb_refcount
                0x000000003fff1120        0x1 ./build/lwip.a(dhcp.o)
 *fill*         0x000000003fff1121        0x3 
 .bss.dhcp_pcb  0x000000003fff1124        0x4 ./build/lwip.a(dhcp.o)
 .bss.etharp_cached_entry
                0x000000003fff1128        0x1 ./build/lwip.a(etharp.o)
 *fill*         0x000000003fff1129        0x3 
 .bss.arp_table
                0x000000003fff112c       0xf0 ./build/lwip.a(etharp.o)
 .bss.allrouters
                0x000000003fff121c        0x4 ./build/lwip.a(igmp.o)
 .bss.allsystems
                0x000000003fff1220        0x4 ./build/lwip.a(igmp.o)
 .bss.ip4_default_multicast_netif
                0x000000003fff1224        0x4 ./build/lwip.a(ip4.o)
 .bss.ip_id     0x000000003fff1228        0x2 ./build/lwip.a(ip4.o)
 *fill*         0x000000003fff122a        0x2 
 .bss._sysparam_info
                0x000000003fff122c       0x18 ./build/core.a(sysparam.o)
 .bss.heap_end$5056
                0x000000003fff1244        0x4 ./build/core.a(newlib_syscalls.o)
 .bss.locks_initialized
                0x000000003fff1248        0x4 ./build/core.a(newlib_syscalls.o)
 .bss.user_exception_handler
                0x000000003fff124c        0x4 ./build/core.a(debug_dumps.o)
 .bss.my_id$6162
                0x000000003fff1250        0xd ./build/program.a(main.o)
 .bss.my_id_done$6163
                0x000000003fff125d        0x1 ./build/program.a(main.o)
 *fill*         0x000000003fff125e        0x2 
 .bss.global_error
                0x000000003fff1260        0x8 ./build/program.a(cJSON.o)
 .bss.bufptr    0x000000003fff1268        0x4 ./build/paho_mqtt_c.a(MQTTPacket.o)
 .bss.i2c_bus   0x000000003fff126c       0x28 ./build/i2c.a(i2c.o)
 .bss.select_cb_list
                0x000000003fff1294        0x4 ./build/lwip.a(sockets.o)
 .bss.sockets   0x000000003fff1298       0xc0 ./build/lwip.a(sockets.o)
 *(.gnu.linkonce.b.*)
 *(COMMON)
 COMMON         0x000000003fff1358       0x28 ./build/open_esplibs_libmain.a(user_interface.o)
                0x000000003fff1358                sdk_cpu_overclock
                0x000000003fff135c                sdk_rst_if
                0x000000003fff137c                sdk_promiscuous_cb
 COMMON         0x000000003fff1380        0x4 ./build/open_esplibs_libmain.a(misc.o)
                0x000000003fff1380                sdk__putc1
 COMMON         0x000000003fff1384        0xc ./build/freertos.a(port.o)
                0x000000003fff1384                level1_int_disabled
                0x000000003fff1388                cpu_sr
                0x000000003fff138c                xPortSupervisorStackPointer
 COMMON         0x000000003fff1390        0xc ./build/lwip.a(sys_arch.o)
                0x000000003fff1390                lwip_tcpip_thread
                0x000000003fff1394                lwip_core_lock_count
                0x000000003fff1398                lwip_core_lock_holder_thread
 COMMON         0x000000003fff139c        0x4 ./build/lwip.a(esp_interface.o)
                0x000000003fff139c                pp_rx_pool_usage
 COMMON         0x000000003fff13a0        0x4 ./build/lwip.a(tcpip.o)
                0x000000003fff13a0                lock_tcpip_core
 COMMON         0x000000003fff13a4       0x18 ./build/lwip.a(tcp.o)
                0x000000003fff13a4                tcp_active_pcbs_changed
                0x000000003fff13a8                tcp_active_pcbs
                0x000000003fff13ac                tcp_ticks
                0x000000003fff13b0                tcp_listen_pcbs
                0x000000003fff13b4                tcp_bound_pcbs
                0x000000003fff13b8                tcp_tw_pcbs
 COMMON         0x000000003fff13bc        0x4 ./build/lwip.a(tcp_in.o)
                0x000000003fff13bc                tcp_input_pcb
 COMMON         0x000000003fff13c0        0x8 ./build/lwip.a(netif.o)
                0x000000003fff13c0                netif_list
                0x000000003fff13c4                netif_default
 COMMON         0x000000003fff13c8        0x1 ./build/lwip.a(pbuf.o)
                0x000000003fff13c8                pbuf_free_ooseq_pending
 *fill*         0x000000003fff13c9        0x3 
 COMMON         0x000000003fff13cc        0x4 ./build/lwip.a(udp.o)
                0x000000003fff13cc                udp_pcbs
 COMMON         0x000000003fff13d0       0x34 ./build/lwip.a(dhcp.o)
                0x000000003fff13d0                dhcp_rx_options_given
                0x000000003fff13dc                dhcp_rx_options_val
 COMMON         0x000000003fff1404       0x18 ./build/lwip.a(ip.o)
                0x000000003fff1404                ip_data
 COMMON         0x000000003fff141c       0x81 ./build/core.a(esp_interrupts.o)
                0x000000003fff141c                isr
                0x000000003fff149c                esp_in_isr
 *fill*         0x000000003fff149d        0x3 
 COMMON         0x000000003fff14a0       0x2d ./build/core.a(app_main.o)
                0x000000003fff14a0                sdk_info
                0x000000003fff14c4                sdk_xWatchDogTaskHandle
                0x000000003fff14c8                sdk_xUserTaskHandle
                0x000000003fff14cc                sdk_user_init_flag
 *fill*         0x000000003fff14cd        0x3 
 COMMON         0x000000003fff14d0      0x138 ./build/libc.a(lib_a-findfp.o)
                0x000000003fff14d0                __sf
 COMMON         0x000000003fff1608       0x30 ./build/program.a(main.o)
                0x000000003fff1608                publish_image
                0x000000003fff160c                camera
                0x000000003fff1624                capture_image
                0x000000003fff1628                wifi_alive
                0x000000003fff162c                led_controller
                0x000000003fff1634                publish_queue
 COMMON         0x000000003fff1638       0x90 ./build/lwip.a(sockets.o)
                0x000000003fff1638                socket_ipv4_multicast_memberships
                0x000000003fff16c8                . = ALIGN (0x8)
                0x000000003fff16c8                _bss_end = ABSOLUTE (.)
                0x000000003fff16c8                _heap_start = ABSOLUTE (.)

.irom0.text     0x0000000040202010    0x3b90c
                0x0000000040202010                _irom0_text_start = ABSOLUTE (.)
 *(.literal .text .literal.* .text.* .rodata .rodata.*)
 .text._check_boot_version
                0x0000000040202010       0x3a ./build/open_esplibs_libmain.a(user_interface.o)
                                         0x3e (size before relaxing)
 *fill*         0x000000004020204a        0x2 
 .text.wifi_save_protect
                0x000000004020204c       0x9f ./build/open_esplibs_libmain.a(user_interface.o)
 *fill*         0x00000000402020eb        0x1 
 .text.sdk_system_pp_recycle_rx_pkt
                0x00000000402020ec        0xf ./build/open_esplibs_libmain.a(user_interface.o)
                                         0x17 (size before relaxing)
                0x00000000402020ec                sdk_system_pp_recycle_rx_pkt
 *fill*         0x00000000402020fb        0x1 
 .text.sdk_system_restart
                0x00000000402020fc       0x53 ./build/open_esplibs_libmain.a(user_interface.o)
                                         0x7b (size before relaxing)
                0x0000000040202108                sdk_system_restart
 *fill*         0x000000004020214f        0x1 
 .text.sdk_system_get_boot_version
                0x0000000040202150        0xe ./build/open_esplibs_libmain.a(user_interface.o)
                                         0x12 (size before relaxing)
                0x0000000040202150                sdk_system_get_boot_version
 *fill*         0x000000004020215e        0x2 
 .text.sdk_system_get_test_result
                0x0000000040202160       0x22 ./build/open_esplibs_libmain.a(user_interface.o)
                                         0x2e (size before relaxing)
                0x0000000040202160                sdk_system_get_test_result
 *fill*         0x0000000040202182        0x2 
 .text.sdk_system_upgrade_userbin_check
                0x0000000040202184       0x40 ./build/open_esplibs_libmain.a(user_interface.o)
                                         0x44 (size before relaxing)
                0x0000000040202184                sdk_system_upgrade_userbin_check
 .text.sdk_system_get_userbin_addr
                0x00000000402021c4       0x92 ./build/open_esplibs_libmain.a(user_interface.o)
                                         0x9e (size before relaxing)
                0x00000000402021d0                sdk_system_get_userbin_addr
 *fill*         0x0000000040202256        0x2 
 .text.sdk_system_update_cpu_freq
                0x0000000040202258       0x61 ./build/open_esplibs_libmain.a(user_interface.o)
                                         0x69 (size before relaxing)
                0x000000004020225c                sdk_system_update_cpu_freq
 *fill*         0x00000000402022b9        0x3 
 .text.sdk_system_get_cpu_freq
                0x00000000402022bc       0x1a ./build/open_esplibs_libmain.a(user_interface.o)
                0x00000000402022c0                sdk_system_get_cpu_freq
 *fill*         0x00000000402022d6        0x2 
 .text.sdk_system_overclock
                0x00000000402022d8       0x31 ./build/open_esplibs_libmain.a(user_interface.o)
                                         0x3d (size before relaxing)
                0x00000000402022dc                sdk_system_overclock
 *fill*         0x0000000040202309        0x3 
 .text.sdk_system_restoreclock
                0x000000004020230c       0x33 ./build/open_esplibs_libmain.a(user_interface.o)
                                         0x43 (size before relaxing)
                0x000000004020230c                sdk_system_restoreclock
 *fill*         0x000000004020233f        0x1 
 .text.sdk_system_station_got_ip_set
                0x0000000040202340       0x8d ./build/open_esplibs_libmain.a(user_interface.o)
                                         0xa9 (size before relaxing)
                0x0000000040202348                sdk_system_station_got_ip_set
 *fill*         0x00000000402023cd        0x3 
 .text.sdk_wifi_param_save_protect
                0x00000000402023d0       0xa8 ./build/open_esplibs_libmain.a(user_interface.o)
                                         0xc0 (size before relaxing)
                0x00000000402023dc                sdk_wifi_param_save_protect
 .text.sdk_wifi_station_get_connect_status
                0x0000000040202478       0x21 ./build/open_esplibs_libmain.a(user_interface.o)
                                         0x2d (size before relaxing)
                0x0000000040202478                sdk_wifi_station_get_connect_status
 *fill*         0x0000000040202499        0x3 
 .text.sdk_wifi_get_macaddr
                0x000000004020249c       0x67 ./build/open_esplibs_libmain.a(user_interface.o)
                                         0x73 (size before relaxing)
                0x00000000402024a4                sdk_wifi_get_macaddr
 *fill*         0x0000000040202503        0x1 
 .text.add_pending_timer
                0x0000000040202504       0x98 ./build/open_esplibs_libmain.a(ets_timer.o)
                                         0x9c (size before relaxing)
 .text.timer_task
                0x000000004020259c       0xb9 ./build/open_esplibs_libmain.a(ets_timer.o)
                                         0xd5 (size before relaxing)
 *fill*         0x0000000040202655        0x3 
 .text.sdk_ets_timer_arm_ms_us
                0x0000000040202658       0x69 ./build/open_esplibs_libmain.a(ets_timer.o)
                                         0x7d (size before relaxing)
                0x0000000040202660                sdk_ets_timer_arm_ms_us
 *fill*         0x00000000402026c1        0x3 
 .text.sdk_ets_timer_arm
                0x00000000402026c4       0x17 ./build/open_esplibs_libmain.a(ets_timer.o)
                                         0x1b (size before relaxing)
                0x00000000402026c4                sdk_ets_timer_arm
 *fill*         0x00000000402026db        0x1 
 .text.sdk_ets_timer_disarm
                0x00000000402026dc       0x51 ./build/open_esplibs_libmain.a(ets_timer.o)
                                         0x5d (size before relaxing)
                0x00000000402026dc                sdk_ets_timer_disarm
 *fill*         0x000000004020272d        0x3 
 .text.sdk_ets_timer_init
                0x0000000040202730       0xa4 ./build/open_esplibs_libmain.a(ets_timer.o)
                                         0xb8 (size before relaxing)
                0x0000000040202748                sdk_ets_timer_init
 .text.sdk_os_update_cpu_frequency
                0x00000000402027d4        0xb ./build/open_esplibs_libmain.a(misc.o)
                0x00000000402027d8                sdk_os_update_cpu_frequency
                0x00000000402027d8                sdk_ets_update_cpu_frequency
 *fill*         0x00000000402027df        0x1 
 .text.sdk_os_delay_us
                0x00000000402027e0       0x19 ./build/open_esplibs_libmain.a(misc.o)
                                         0x1d (size before relaxing)
                0x00000000402027e0                sdk_os_delay_us
                0x00000000402027e0                sdk_ets_delay_us
 *fill*         0x00000000402027f9        0x3 
 .text.sdk_os_install_putc1
                0x00000000402027fc        0xb ./build/open_esplibs_libmain.a(misc.o)
                0x0000000040202800                sdk_os_install_putc1
 *fill*         0x0000000040202807        0x1 
 .text.sdk_gpio_output_set
                0x0000000040202808       0x1d ./build/open_esplibs_libmain.a(misc.o)
                0x000000004020280c                sdk_gpio_output_set
 *fill*         0x0000000040202825        0x3 
 .text.sdk_rtc_get_reset_reason
                0x0000000040202828       0x4a ./build/open_esplibs_libmain.a(misc.o)
                0x0000000040202830                sdk_rtc_get_reset_reason
 *fill*         0x0000000040202872        0x2 
 .text.timer_tramp
                0x0000000040202874       0x17 ./build/open_esplibs_libmain.a(timers.o)
                                         0x1f (size before relaxing)
 *fill*         0x000000004020288b        0x1 
 .text.sdk_os_timer_setfn
                0x000000004020288c       0xac ./build/open_esplibs_libmain.a(timers.o)
                                         0xb8 (size before relaxing)
                0x000000004020289c                sdk_os_timer_setfn
 .text.sdk_os_timer_arm
                0x0000000040202938       0xa8 ./build/open_esplibs_libmain.a(timers.o)
                                         0xd4 (size before relaxing)
                0x0000000040202940                sdk_os_timer_arm
 .text.sdk_os_timer_disarm
                0x00000000402029e0       0x27 ./build/open_esplibs_libmain.a(timers.o)
                                         0x37 (size before relaxing)
                0x00000000402029e4                sdk_os_timer_disarm
 *fill*         0x0000000040202a07        0x1 
 .text.sdk_ieee80211_hostap_attach
                0x0000000040202a08      0x199 ./build/open_esplibs_libnet80211.a(ieee80211_hostap.o)
                                        0x1fd (size before relaxing)
                0x0000000040202a28                sdk_ieee80211_hostap_attach
 *fill*         0x0000000040202ba1        0x3 
 .text.sdk_wifi_softap_start
                0x0000000040202ba4      0x168 ./build/open_esplibs_libnet80211.a(ieee80211_hostap.o)
                                        0x1c8 (size before relaxing)
                0x0000000040202bc4                sdk_wifi_softap_start
 .text.sdk_wifi_softap_stop
                0x0000000040202d0c      0x13d ./build/open_esplibs_libnet80211.a(ieee80211_hostap.o)
                                        0x1b9 (size before relaxing)
                0x0000000040202d10                sdk_wifi_softap_stop
 *fill*         0x0000000040202e49        0x3 
 .text.dhcp_if_down
                0x0000000040202e4c       0x23 ./build/open_esplibs_libnet80211.a(wl_cnx.o)
                                         0x3f (size before relaxing)
                0x0000000040202e4c                dhcp_if_down
 *fill*         0x0000000040202e6f        0x1 
 .text.sdk_cnx_rc_search
                0x0000000040202e70       0x5e ./build/open_esplibs_libnet80211.a(wl_cnx.o)
                                         0x66 (size before relaxing)
                0x0000000040202e70                sdk_cnx_rc_search
 *fill*         0x0000000040202ece        0x2 
 .text.sdk_cnx_add_rc
                0x0000000040202ed0       0x7c ./build/open_esplibs_libnet80211.a(wl_cnx.o)
                                         0x80 (size before relaxing)
                0x0000000040202ed0                sdk_cnx_add_rc
 .text.sdk_cnx_remove_rc
                0x0000000040202f4c       0x9b ./build/open_esplibs_libnet80211.a(wl_cnx.o)
                                         0x9f (size before relaxing)
                0x0000000040202f50                sdk_cnx_remove_rc
 *fill*         0x0000000040202fe7        0x1 
 .text.sdk_cnx_node_remove
                0x0000000040202fe8       0x7c ./build/open_esplibs_libnet80211.a(wl_cnx.o)
                                         0x98 (size before relaxing)
                0x0000000040202fe8                sdk_cnx_node_remove
 .text.sdk_cnx_node_search
                0x0000000040203064       0x66 ./build/open_esplibs_libnet80211.a(wl_cnx.o)
                                         0x6e (size before relaxing)
                0x0000000040203064                sdk_cnx_node_search
 *fill*         0x00000000402030ca        0x2 
 .text.sdk_sta_status_set
                0x00000000402030cc       0x42 ./build/open_esplibs_libnet80211.a(ieee80211_sta.o)
                                         0x46 (size before relaxing)
                0x00000000402030cc                sdk_sta_status_set
 *fill*         0x000000004020310e        0x2 
 .text.sdk_wifi_station_start
                0x0000000040203110       0xa7 ./build/open_esplibs_libnet80211.a(ieee80211_sta.o)
                                         0xdf (size before relaxing)
                0x0000000040203120                sdk_wifi_station_start
 *fill*         0x00000000402031b7        0x1 
 .text.sdk_wifi_station_stop
                0x00000000402031b8       0x4b ./build/open_esplibs_libnet80211.a(ieee80211_sta.o)
                                         0x5b (size before relaxing)
                0x00000000402031b8                sdk_wifi_station_stop
 *fill*         0x0000000040203203        0x1 
 .text._ppz20   0x0000000040203204        0x9 ./build/open_esplibs_libpp.a(pp.o)
                0x0000000040203208                _ppz20
 *fill*         0x000000004020320d        0x3 
 .text.sdk_wpa_config_assoc_ie
                0x0000000040203210       0x17 ./build/open_esplibs_libwpa.a(wpa_main.o)
                                         0x1b (size before relaxing)
                0x0000000040203210                sdk_wpa_config_assoc_ie
 *fill*         0x0000000040203227        0x1 
 .text.sdk_dhcp_bind_check
                0x0000000040203228       0x22 ./build/open_esplibs_libwpa.a(wpa_main.o)
                                         0x26 (size before relaxing)
                0x0000000040203228                sdk_dhcp_bind_check
 *fill*         0x000000004020324a        0x2 
 .text.wpa_callback2
                0x000000004020324c       0x33 ./build/open_esplibs_libwpa.a(wpa_main.o)
                                         0x47 (size before relaxing)
 *fill*         0x000000004020327f        0x1 
 .text.wpa_callback1
                0x0000000040203280       0x1b ./build/open_esplibs_libwpa.a(wpa_main.o)
                                         0x23 (size before relaxing)
 *fill*         0x000000004020329b        0x1 
 .text.sdk_wpa_config_profile
                0x000000004020329c       0x49 ./build/open_esplibs_libwpa.a(wpa_main.o)
                                         0x58 (size before relaxing)
                0x000000004020329c                sdk_wpa_config_profile
 *fill*         0x00000000402032e5        0x3 
 .text.sdk_wpa_config_bss
                0x00000000402032e8       0x2f ./build/open_esplibs_libwpa.a(wpa_main.o)
                                         0x37 (size before relaxing)
                0x00000000402032e8                sdk_wpa_config_bss
 *fill*         0x0000000040203317        0x1 
 .text.sdk_eagle_auth_done
                0x0000000040203318      0x109 ./build/open_esplibs_libwpa.a(wpa_main.o)
                                        0x18c (size before relaxing)
                0x000000004020333c                sdk_eagle_auth_done
 *fill*         0x0000000040203421        0x3 
 .text.sdk_wpa_neg_complete
                0x0000000040203424        0xf ./build/open_esplibs_libwpa.a(wpa_main.o)
                                         0x17 (size before relaxing)
                0x0000000040203424                sdk_wpa_neg_complete
 *fill*         0x0000000040203433        0x1 
 .text.sdk_wpa_attach
                0x0000000040203434       0x4f ./build/open_esplibs_libwpa.a(wpa_main.o)
                                         0x5f (size before relaxing)
                0x000000004020344c                sdk_wpa_attach
 *fill*         0x0000000040203483        0x1 
 .text.prvResetNextTaskUnblockTime
                0x0000000040203484       0x39 ./build/freertos.a(tasks.o)
 *fill*         0x00000000402034bd        0x3 
 .text.prvAddCurrentTaskToDelayedList
                0x00000000402034c0       0xa4 ./build/freertos.a(tasks.o)
                                         0xc4 (size before relaxing)
 .text.prvIdleTask
                0x0000000040203564       0x97 ./build/freertos.a(tasks.o)
                                         0xb3 (size before relaxing)
 *fill*         0x00000000402035fb        0x1 
 .text.xTaskCreate
                0x00000000402035fc      0x24b ./build/freertos.a(tasks.o)
                                        0x2d3 (size before relaxing)
                0x0000000040203628                xTaskCreate
 *fill*         0x0000000040203847        0x1 
 .text.vTaskDelete
                0x0000000040203848       0xcd ./build/freertos.a(tasks.o)
                                        0x121 (size before relaxing)
                0x000000004020384c                vTaskDelete
 *fill*         0x0000000040203915        0x3 
 .text.vTaskStartScheduler
                0x0000000040203918       0xa0 ./build/freertos.a(tasks.o)
                                         0xd3 (size before relaxing)
                0x0000000040203930                vTaskStartScheduler
 *fill*         0x00000000402039b8        0x0 
 .text.vTaskSuspendAll
                0x00000000402039b8       0x11 ./build/freertos.a(tasks.o)
                                         0x15 (size before relaxing)
                0x00000000402039b8                vTaskSuspendAll
 *fill*         0x00000000402039c9        0x3 
 .text.xTaskGetTickCount
                0x00000000402039cc       0x27 ./build/freertos.a(tasks.o)
                                         0x33 (size before relaxing)
                0x00000000402039cc                xTaskGetTickCount
 *fill*         0x00000000402039f3        0x1 
 .text.xTaskIncrementTick
                0x00000000402039f4      0x194 ./build/freertos.a(tasks.o)
                                        0x1cc (size before relaxing)
                0x0000000040203a04                xTaskIncrementTick
 .text.xTaskResumeAll
                0x0000000040203b88      0x105 ./build/freertos.a(tasks.o)
                                        0x15d (size before relaxing)
                0x0000000040203b8c                xTaskResumeAll
 *fill*         0x0000000040203c8d        0x3 
 .text.vTaskDelay
                0x0000000040203c90       0x50 ./build/freertos.a(tasks.o)
                                         0x74 (size before relaxing)
                0x0000000040203c90                vTaskDelay
 .text.vTaskSwitchContext
                0x0000000040203ce0       0xea ./build/freertos.a(tasks.o)
                                        0x10a (size before relaxing)
                0x0000000040203cec                vTaskSwitchContext
 *fill*         0x0000000040203dca        0x2 
 .text.vTaskPlaceOnEventList
                0x0000000040203dcc       0x41 ./build/freertos.a(tasks.o)
                                         0x5d (size before relaxing)
                0x0000000040203dd0                vTaskPlaceOnEventList
 *fill*         0x0000000040203e0d        0x3 
 .text.vTaskPlaceOnEventListRestricted
                0x0000000040203e10       0x4a ./build/freertos.a(tasks.o)
                                         0x66 (size before relaxing)
                0x0000000040203e14                vTaskPlaceOnEventListRestricted
 *fill*         0x0000000040203e5a        0x2 
 .text.xTaskRemoveFromEventList
                0x0000000040203e5c       0x87 ./build/freertos.a(tasks.o)
                                         0xcb (size before relaxing)
                0x0000000040203e60                xTaskRemoveFromEventList
 *fill*         0x0000000040203ee3        0x1 
 .text.vTaskInternalSetTimeOutState
                0x0000000040203ee4       0x16 ./build/freertos.a(tasks.o)
                                         0x1e (size before relaxing)
                0x0000000040203ee4                vTaskInternalSetTimeOutState
 *fill*         0x0000000040203efa        0x2 
 .text.xTaskCheckForTimeOut
                0x0000000040203efc       0x99 ./build/freertos.a(tasks.o)
                                         0xb9 (size before relaxing)
                0x0000000040203f04                xTaskCheckForTimeOut
 *fill*         0x0000000040203f95        0x3 
 .text.vTaskMissedYield
                0x0000000040203f98        0xc ./build/freertos.a(tasks.o)
                                         0x10 (size before relaxing)
                0x0000000040203f98                vTaskMissedYield
 .text.uxTaskGetStackHighWaterMark
                0x0000000040203fa4       0x2c ./build/freertos.a(tasks.o)
                                         0x30 (size before relaxing)
                0x0000000040203fa4                uxTaskGetStackHighWaterMark
 .text.xTaskGetCurrentTaskHandle
                0x0000000040203fd0        0xa ./build/freertos.a(tasks.o)
                                          0xe (size before relaxing)
                0x0000000040203fd0                xTaskGetCurrentTaskHandle
 *fill*         0x0000000040203fda        0x2 
 .text.xTaskGetSchedulerState
                0x0000000040203fdc       0x1e ./build/freertos.a(tasks.o)
                                         0x26 (size before relaxing)
                0x0000000040203fdc                xTaskGetSchedulerState
 *fill*         0x0000000040203ffa        0x2 
 .text.xTaskPriorityInherit
                0x0000000040203ffc       0xad ./build/freertos.a(tasks.o)
                                         0xc5 (size before relaxing)
                0x0000000040203ffc                xTaskPriorityInherit
 *fill*         0x00000000402040a9        0x3 
 .text.xTaskPriorityDisinherit
                0x00000000402040ac       0x92 ./build/freertos.a(tasks.o)
                                         0xba (size before relaxing)
                0x00000000402040b4                xTaskPriorityDisinherit
 *fill*         0x000000004020413e        0x2 
 .text.vTaskPriorityDisinheritAfterTimeout
                0x0000000040204140       0xb3 ./build/freertos.a(tasks.o)
                                         0xd3 (size before relaxing)
                0x0000000040204148                vTaskPriorityDisinheritAfterTimeout
 *fill*         0x00000000402041f3        0x1 
 .text.pvTaskIncrementMutexHeldCount
                0x00000000402041f4       0x1f ./build/freertos.a(tasks.o)
                                         0x23 (size before relaxing)
                0x00000000402041f4                pvTaskIncrementMutexHeldCount
 *fill*         0x0000000040204213        0x1 
 .text.xTaskNotifyWait
                0x0000000040204214       0xdf ./build/freertos.a(tasks.o)
                                         0xff (size before relaxing)
                0x0000000040204214                xTaskNotifyWait
 *fill*         0x00000000402042f3        0x1 
 .text.xTaskGenericNotifyFromISR
                0x00000000402042f4      0x139 ./build/freertos.a(tasks.o)
                                        0x17d (size before relaxing)
                0x0000000040204300                xTaskGenericNotifyFromISR
 *fill*         0x000000004020442d        0x3 
 .text.prvCheckForValidListAndQueue
                0x0000000040204430       0x69 ./build/freertos.a(timers.o)
                                         0x89 (size before relaxing)
 *fill*         0x0000000040204499        0x3 
 .text.prvInsertTimerInActiveList
                0x000000004020449c       0x45 ./build/freertos.a(timers.o)
                                         0x59 (size before relaxing)
 *fill*         0x00000000402044e1        0x3 
 .text.xTimerCreateTimerTask
                0x00000000402044e4       0x49 ./build/freertos.a(timers.o)
                                         0x61 (size before relaxing)
                0x00000000402044f4                xTimerCreateTimerTask
 *fill*         0x000000004020452d        0x3 
 .text.xTimerCreate
                0x0000000040204530       0x59 ./build/freertos.a(timers.o)
                                         0x75 (size before relaxing)
                0x0000000040204530                xTimerCreate
 *fill*         0x0000000040204589        0x3 
 .text.xTimerGenericCommand
                0x000000004020458c       0x7f ./build/freertos.a(timers.o)
                                         0x9f (size before relaxing)
                0x000000004020458c                xTimerGenericCommand
 *fill*         0x000000004020460b        0x1 
 .text.prvSwitchTimerLists
                0x000000004020460c       0x80 ./build/freertos.a(timers.o)
                                         0xa6 (size before relaxing)
 *fill*         0x000000004020468c        0x0 
 .text.prvTimerTask
                0x000000004020468c      0x1bb ./build/freertos.a(timers.o)
                                        0x253 (size before relaxing)
 *fill*         0x0000000040204847        0x1 
 .text.pvTimerGetTimerID
                0x0000000040204848       0x2d ./build/freertos.a(timers.o)
                                         0x41 (size before relaxing)
                0x0000000040204848                pvTimerGetTimerID
 *fill*         0x0000000040204875        0x3 
 .text.vAssertCalled
                0x0000000040204878       0x22 ./build/freertos.a(port.o)
                                         0x26 (size before relaxing)
                0x0000000040204880                vAssertCalled
 *fill*         0x000000004020489a        0x2 
 .text.pxPortInitialiseStack
                0x000000004020489c       0x37 ./build/freertos.a(port.o)
                0x00000000402048a0                pxPortInitialiseStack
 *fill*         0x00000000402048d3        0x1 
 .text.xPortSysTickHandle
                0x00000000402048d4       0x14 ./build/freertos.a(port.o)
                                         0x23 (size before relaxing)
                0x00000000402048d4                xPortSysTickHandle
 *fill*         0x00000000402048e8        0x0 
 .text.xPortStartScheduler
                0x00000000402048e8       0x7e ./build/freertos.a(port.o)
                                         0x8e (size before relaxing)
                0x00000000402048fc                xPortStartScheduler
 *fill*         0x0000000040204966        0x2 
 .text.xPortGetFreeHeapSize
                0x0000000040204968       0x28 ./build/freertos.a(port.o)
                                         0x38 (size before relaxing)
                0x0000000040204968                xPortGetFreeHeapSize
 .text.xTaskGenericCreate
                0x0000000040204990       0x15 ./build/freertos.a(port.o)
                                         0x19 (size before relaxing)
                0x0000000040204990                xTaskGenericCreate
 *fill*         0x00000000402049a5        0x3 
 .text.xQueueGenericReceive
                0x00000000402049a8       0x1e ./build/freertos.a(port.o)
                                         0x2d (size before relaxing)
                0x00000000402049ac                xQueueGenericReceive
 *fill*         0x00000000402049c6        0x2 
 .text.prvCopyDataToQueue
                0x00000000402049c8       0xa7 ./build/freertos.a(queue.o)
                                         0xb3 (size before relaxing)
 *fill*         0x0000000040204a6f        0x1 
 .text.prvCopyDataFromQueue
                0x0000000040204a70       0x2b ./build/freertos.a(queue.o)
                                         0x2f (size before relaxing)
 *fill*         0x0000000040204a9b        0x1 
 .text.prvUnlockQueue
                0x0000000040204a9c       0xc4 ./build/freertos.a(queue.o)
                                         0xec (size before relaxing)
 .text.xQueueGenericReset
                0x0000000040204b60       0x8d ./build/freertos.a(queue.o)
                                         0xb5 (size before relaxing)
                0x0000000040204b64                xQueueGenericReset
 *fill*         0x0000000040204bed        0x3 
 .text.xQueueGenericCreate
                0x0000000040204bf0       0x6c ./build/freertos.a(queue.o)
                                         0x80 (size before relaxing)
                0x0000000040204bf0                xQueueGenericCreate
 .text.xQueueGenericSend
                0x0000000040204c5c      0x183 ./build/freertos.a(queue.o)
                                        0x21f (size before relaxing)
                0x0000000040204c5c                xQueueGenericSend
 *fill*         0x0000000040204ddf        0x1 
 .text.xQueueCreateMutex
                0x0000000040204de0       0x31 ./build/freertos.a(queue.o)
                                         0x3d (size before relaxing)
                0x0000000040204de0                xQueueCreateMutex
 *fill*         0x0000000040204e11        0x3 
 .text.xQueueGiveMutexRecursive
                0x0000000040204e14       0x4b ./build/freertos.a(queue.o)
                                         0x5f (size before relaxing)
                0x0000000040204e14                xQueueGiveMutexRecursive
 *fill*         0x0000000040204e5f        0x1 
 .text.xQueueGenericSendFromISR
                0x0000000040204e60       0xc3 ./build/freertos.a(queue.o)
                                         0xf3 (size before relaxing)
                0x0000000040204e60                xQueueGenericSendFromISR
 *fill*         0x0000000040204f23        0x1 
 .text.xQueueReceive
                0x0000000040204f24      0x179 ./build/freertos.a(queue.o)
                                        0x215 (size before relaxing)
                0x0000000040204f24                xQueueReceive
 *fill*         0x000000004020509d        0x3 
 .text.xQueueSemaphoreTake
                0x00000000402050a0      0x1d4 ./build/freertos.a(queue.o)
                                        0x28c (size before relaxing)
                0x00000000402050a0                xQueueSemaphoreTake
 .text.xQueueTakeMutexRecursive
                0x0000000040205274       0x53 ./build/freertos.a(queue.o)
                                         0x63 (size before relaxing)
                0x0000000040205274                xQueueTakeMutexRecursive
 *fill*         0x00000000402052c7        0x1 
 .text.uxQueueMessagesWaiting
                0x00000000402052c8       0x30 ./build/freertos.a(queue.o)
                                         0x44 (size before relaxing)
                0x00000000402052c8                uxQueueMessagesWaiting
 .text.uxQueueMessagesWaitingFromISR
                0x00000000402052f8       0x26 ./build/freertos.a(queue.o)
                                         0x2e (size before relaxing)
                0x00000000402052f8                uxQueueMessagesWaitingFromISR
 *fill*         0x000000004020531e        0x2 
 .text.vQueueDelete
                0x0000000040205320       0x29 ./build/freertos.a(queue.o)
                                         0x35 (size before relaxing)
                0x0000000040205320                vQueueDelete
 *fill*         0x0000000040205349        0x3 
 .text.vQueueWaitForMessageRestricted
                0x000000004020534c       0x6f ./build/freertos.a(queue.o)
                                         0x7f (size before relaxing)
                0x000000004020534c                vQueueWaitForMessageRestricted
 *fill*         0x00000000402053bb        0x1 
 .text.sys_sem_new
                0x00000000402053bc       0x41 ./build/lwip.a(sys_arch.o)
                                         0x4d (size before relaxing)
                0x00000000402053bc                sys_sem_new
 *fill*         0x00000000402053fd        0x3 
 .text.sys_sem_free
                0x0000000040205400       0x1e ./build/lwip.a(sys_arch.o)
                                         0x22 (size before relaxing)
                0x0000000040205400                sys_sem_free
 *fill*         0x000000004020541e        0x2 
 .text.sys_sem_signal
                0x0000000040205420       0x17 ./build/lwip.a(sys_arch.o)
                                         0x1f (size before relaxing)
                0x0000000040205420                sys_sem_signal
 *fill*         0x0000000040205437        0x1 
 .text.sys_arch_sem_wait
                0x0000000040205438       0x4c ./build/lwip.a(sys_arch.o)
                                         0x58 (size before relaxing)
                0x0000000040205438                sys_arch_sem_wait
 .text.sys_mutex_new
                0x0000000040205484       0x2b ./build/lwip.a(sys_arch.o)
                                         0x2f (size before relaxing)
                0x0000000040205484                sys_mutex_new
 *fill*         0x00000000402054af        0x1 
 .text.sys_mbox_new
                0x00000000402054b0       0x2f ./build/lwip.a(sys_arch.o)
                                         0x33 (size before relaxing)
                0x00000000402054b0                sys_mbox_new
 *fill*         0x00000000402054df        0x1 
 .text.sys_mbox_free
                0x00000000402054e0       0x31 ./build/lwip.a(sys_arch.o)
                                         0x41 (size before relaxing)
                0x00000000402054e4                sys_mbox_free
 *fill*         0x0000000040205511        0x3 
 .text.sys_mbox_trypost
                0x0000000040205514       0x2b ./build/lwip.a(sys_arch.o)
                                         0x2f (size before relaxing)
                0x0000000040205514                sys_mbox_trypost
 *fill*         0x000000004020553f        0x1 
 .text.sys_arch_mbox_fetch
                0x0000000040205540       0x4c ./build/lwip.a(sys_arch.o)
                                         0x60 (size before relaxing)
                0x0000000040205540                sys_arch_mbox_fetch
 .text.sys_arch_mbox_tryfetch
                0x000000004020558c       0x2f ./build/lwip.a(sys_arch.o)
                                         0x33 (size before relaxing)
                0x000000004020558c                sys_arch_mbox_tryfetch
 *fill*         0x00000000402055bb        0x1 
 .text.sys_now  0x00000000402055bc       0x15 ./build/lwip.a(sys_arch.o)
                                         0x1d (size before relaxing)
                0x00000000402055bc                sys_now
 *fill*         0x00000000402055d1        0x3 
 .text.sys_thread_new
                0x00000000402055d4       0x2a ./build/lwip.a(sys_arch.o)
                                         0x2e (size before relaxing)
                0x00000000402055d4                sys_thread_new
 *fill*         0x00000000402055fe        0x2 
 .text.sys_arch_protect
                0x0000000040205600       0x20 ./build/lwip.a(sys_arch.o)
                                         0x24 (size before relaxing)
                0x0000000040205604                sys_arch_protect
 .text.sys_arch_unprotect
                0x0000000040205620       0x2d ./build/lwip.a(sys_arch.o)
                                         0x39 (size before relaxing)
                0x0000000040205624                sys_arch_unprotect
 *fill*         0x000000004020564d        0x3 
 .text.sys_lock_tcpip_core
                0x0000000040205650       0x43 ./build/lwip.a(sys_arch.o)
                                         0x4f (size before relaxing)
                0x000000004020565c                sys_lock_tcpip_core
 *fill*         0x0000000040205693        0x1 
 .text.sys_unlock_tcpip_core
                0x0000000040205694       0x2b ./build/lwip.a(sys_arch.o)
                                         0x3f (size before relaxing)
                0x0000000040205694                sys_unlock_tcpip_core
 *fill*         0x00000000402056bf        0x1 
 .text.sys_mark_tcpip_thread
                0x00000000402056c0       0x18 ./build/lwip.a(sys_arch.o)
                                         0x20 (size before relaxing)
                0x00000000402056c4                sys_mark_tcpip_thread
 .text.sys_check_core_locking
                0x00000000402056d8       0x31 ./build/lwip.a(sys_arch.o)
                                         0x4c (size before relaxing)
                0x00000000402056dc                sys_check_core_locking
 *fill*         0x0000000040205709        0x3 
 .text.low_level_output
                0x000000004020570c       0x5e ./build/lwip.a(esp_interface.o)
                                         0x7a (size before relaxing)
 *fill*         0x000000004020576a        0x2 
 .text.pp_recycle_rx_pbuf
                0x000000004020576c       0x38 ./build/lwip.a(esp_interface.o)
                                         0x44 (size before relaxing)
                0x0000000040205770                pp_recycle_rx_pbuf
 .text.ooseq_bytes_limit
                0x00000000402057a4        0x9 ./build/lwip.a(esp_interface.o)
                0x00000000402057a8                ooseq_bytes_limit
 *fill*         0x00000000402057ad        0x3 
 .text.ooseq_pbufs_limit
                0x00000000402057b0       0x41 ./build/lwip.a(esp_interface.o)
                                         0x49 (size before relaxing)
                0x00000000402057b0                ooseq_pbufs_limit
 *fill*         0x00000000402057f1        0x3 
 .text.ethernetif_input
                0x00000000402057f4       0x87 ./build/lwip.a(esp_interface.o)
                                         0x9e (size before relaxing)
                0x0000000040205800                ethernetif_input
 *fill*         0x000000004020587b        0x1 
 .text.sdk_pbuf_alloc
                0x000000004020587c       0x33 ./build/lwip.a(esp_interface.o)
                                         0x3b (size before relaxing)
                0x000000004020587c                sdk_pbuf_alloc
 *fill*         0x00000000402058af        0x1 
 .text.ethernetif_init
                0x00000000402058b0       0x34 ./build/lwip.a(esp_interface.o)
                0x00000000402058b8                ethernetif_init
 .text.tcpip_thread
                0x00000000402058e4       0xb7 ./build/lwip.a(tcpip.o)
                                        0x10b (size before relaxing)
 *fill*         0x000000004020599b        0x1 
 .text.tcpip_inpkt
                0x000000004020599c       0x5b ./build/lwip.a(tcpip.o)
                                         0x77 (size before relaxing)
                0x000000004020599c                tcpip_inpkt
 *fill*         0x00000000402059f7        0x1 
 .text.tcpip_input
                0x00000000402059f8       0x34 ./build/lwip.a(tcpip.o)
                                         0x43 (size before relaxing)
                0x0000000040205a00                tcpip_input
 *fill*         0x0000000040205a2c        0x0 
 .text.tcpip_try_callback
                0x0000000040205a2c       0x51 ./build/lwip.a(tcpip.o)
                                         0x6d (size before relaxing)
                0x0000000040205a2c                tcpip_try_callback
 *fill*         0x0000000040205a7d        0x3 
 .text.tcpip_send_msg_wait_sem
                0x0000000040205a80       0x25 ./build/lwip.a(tcpip.o)
                                         0x35 (size before relaxing)
                0x0000000040205a80                tcpip_send_msg_wait_sem